cuda
fourierKAN
-----------------------------------------------------------------------------------------
Reduce number of features from 105 to 105.
best_params: {'depth': 1, 'neurons_layer_0': 45, 'grids_0': 14}
              precision    recall  f1-score   support

       <=50K       0.92      0.89      0.90      7431
        >50K       0.96      0.85      0.90      7431

   micro avg       0.94      0.87      0.90     14862
   macro avg       0.94      0.87      0.90     14862
weighted avg       0.94      0.87      0.90     14862
 samples avg       0.87      0.87      0.87     14862

ROC-AUC: 0.9062
-----------------------------------------------------------------------------------------
Reduce number of features from 45 to 45.
best_params: {'depth': 1, 'neurons_layer_0': 10, 'grids_0': 9}
              precision    recall  f1-score   support

          No       1.00      0.00      0.00      1035
         Yes       1.00      0.59      0.74      1035

   micro avg       1.00      0.30      0.46      2070
   macro avg       1.00      0.30      0.37      2070
weighted avg       1.00      0.30      0.37      2070
 samples avg       0.30      0.30      0.30      2070

ROC-AUC: 0.6486
-----------------------------------------------------------------------------------------
Reduce number of features from 49 to 49.
best_params: {'depth': 2, 'neurons_layer_0': 30, 'neurons_layer_1': 35, 'grids_0': 8, 'grids_1': 3}
              precision    recall  f1-score   support

           +       0.87      0.86      0.86        77
           -       0.88      0.87      0.88        77

   micro avg       0.88      0.86      0.87       154
   macro avg       0.88      0.86      0.87       154
weighted avg       0.88      0.86      0.87       154
 samples avg       0.86      0.86      0.86       154

ROC-AUC: 0.8701
-----------------------------------------------------------------------------------------
Reduce number of features from 556 to 556.
-----------------------------------------------------------------------------------------
Reduce number of features from 108 to 108.
best_params: {'depth': 1, 'neurons_layer_0': 55, 'grids_0': 5}
              precision    recall  f1-score   support

          No       0.80      0.96      0.88      4944
         Yes       0.83      0.99      0.90      4944

   micro avg       0.82      0.97      0.89      9888
   macro avg       0.82      0.97      0.89      9888
weighted avg       0.82      0.97      0.89      9888
 samples avg       0.88      0.97      0.91      9888

ROC-AUC: 0.8792
-----------------------------------------------------------------------------------------
Reduce number of features from 85 to 85.
best_params: {'depth': 2, 'neurons_layer_0': 60, 'neurons_layer_1': 25, 'grids_0': 2, 'grids_1': 1}
              precision    recall  f1-score   support

          No       0.95      0.93      0.94       753
         Yes       0.93      0.94      0.93       752

   micro avg       0.94      0.93      0.94      1505
   macro avg       0.94      0.93      0.94      1505
weighted avg       0.94      0.93      0.94      1505
 samples avg       0.93      0.93      0.93      1505

ROC-AUC: 0.9356

