DATA: AD
best_params: {'depth': 2, 'neurons_layer_0': 60, 'neurons_layer_1': 140, 'orders1_layer_0': 2, 'orders1_layer_1': 4, 'orders2_layer_0': 5, 'orders2_layer_1': 5}
Average of top 10 ROC-AUC scores: 0.8686

DATA: BL
best_params: {'depth': 3, 'neurons_layer_0': 175, 'neurons_layer_1': 85, 'neurons_layer_2': 55, 'orders1_layer_0': 4, 'orders1_layer_1': 4, 'orders1_layer_2': 4, 'orders2_layer_0': 2, 'orders2_layer_1': 2, 'orders2_layer_2': 3}
Average of top 10 ROC-AUC scores: 0.8080

DATA: CA
best_params: {'depth': 7, 'neurons_layer_0': 165, 'neurons_layer_1': 50, 'neurons_layer_2': 70, 'neurons_layer_3': 115, 'neurons_layer_4': 135, 'neurons_layer_5': 65, 'neurons_layer_6': 200, 'orders1_layer_0': 6, 'orders1_layer_1': 5, 'orders1_layer_2': 5, 'orders1_layer_3': 4, 'orders1_layer_4': 3, 'orders1_layer_5': 5, 'orders1_layer_6': 4, 'orders2_layer_0': 4, 'orders2_layer_1': 2, 'orders2_layer_2': 5, 'orders2_layer_3': 3, 'orders2_layer_4': 4, 'orders2_layer_5': 3, 'orders2_layer_6': 3}
Average of top 10 ROC-AUC scores: 0.8555


DATA: CB
best_params: {'depth': 3, 'neurons_layer_0': 155, 'neurons_layer_1': 25, 'neurons_layer_2': 120, 'orders1_layer_0': 3, 'orders1_layer_1': 6, 'orders1_layer_2': 5, 'orders2_layer_0': 2, 'orders2_layer_1': 5, 'orders2_layer_2': 5}
Average of top 10 ROC-AUC scores: 0.7787


DATA: CG
best_params: {'depth': 4, 'neurons_layer_0': 200, 'neurons_layer_1': 55, 'neurons_layer_2': 95, 'neurons_layer_3': 170, 'orders1_layer_0': 5, 'orders1_layer_1': 5, 'orders1_layer_2': 6, 'orders1_layer_3': 4, 'orders2_layer_0': 2, 'orders2_layer_1': 5, 'orders2_layer_2': 2, 'orders2_layer_3': 4}
Average of top 10 ROC-AUC scores: 0.8264


DATA: DS
best_params: {'depth': 3, 'neurons_layer_0': 10, 'neurons_layer_1': 50, 'neurons_layer_2': 200, 'orders1_layer_0': 6, 'orders1_layer_1': 4, 'orders1_layer_2': 3, 'orders2_layer_0': 6, 'orders2_layer_1': 2, 'orders2_layer_2': 2}
Average of top 10 ROC-AUC scores: 0.6703


DATA: IC
best_params: {'depth': 5, 'neurons_layer_0': 165, 'neurons_layer_1': 140, 'neurons_layer_2': 35, 'neurons_layer_3': 90, 'neurons_layer_4': 120, 'orders1_layer_0': 6, 'orders1_layer_1': 4, 'orders1_layer_2': 3, 'orders1_layer_3': 4, 'orders1_layer_4': 6, 'orders2_layer_0': 2, 'orders2_layer_1': 3, 'orders2_layer_2': 3, 'orders2_layer_3': 3, 'orders2_layer_4': 3}
Average of top 10 ROC-AUC scores: 0.8568


DATA: IO
best_params: {'depth': 3, 'neurons_layer_0': 180, 'neurons_layer_1': 185, 'neurons_layer_2': 135, 'orders1_layer_0': 5, 'orders1_layer_1': 5, 'orders1_layer_2': 2, 'orders2_layer_0': 2, 'orders2_layer_1': 2, 'orders2_layer_2': 3}
Average of top 10 ROC-AUC scores: 0.9524
