fKAN
Reduce number of features from 105 to 105.
best_params: {'depth': 4, 'neurons_layer_0': 20, 'neurons_layer_1': 5, 'neurons_layer_2': 50, 'neurons_layer_3': 55, 'orders_layer_0': 4, 'orders_layer_1': 3, 'orders_layer_2': 2, 'orders_layer_3': 2}
              precision    recall  f1-score   support

       <=50K       0.78      0.98      0.87      7431
        >50K       0.76      0.96      0.85      7431

   micro avg       0.77      0.97      0.86     14862
   macro avg       0.77      0.97      0.86     14862
weighted avg       0.77      0.97      0.86     14862
 samples avg       0.84      0.97      0.89     14862

ROC-AUC: 0.8429
Reduce number of features from 45 to 45.
best_params: {'depth': 7, 'neurons_layer_0': 20, 'neurons_layer_1': 85, 'neurons_layer_2': 70, 'neurons_layer_3': 40, 'neurons_layer_4': 55, 'neurons_layer_5': 95, 'neurons_layer_6': 100, 'orders_layer_0': 5, 'orders_layer_1': 4, 'orders_layer_2': 2, 'orders_layer_3': 2, 'orders_layer_4': 3, 'orders_layer_5': 2, 'orders_layer_6': 2}
              precision    recall  f1-score   support

          No       0.85      0.76      0.80      1035
         Yes       0.80      0.79      0.80      1035

   micro avg       0.82      0.77      0.80      2070
   macro avg       0.83      0.77      0.80      2070
weighted avg       0.83      0.77      0.80      2070
 samples avg       0.77      0.77      0.77      2070

ROC-AUC: 0.8046
Reduce number of features from 49 to 49.
best_params: {'depth': 8, 'neurons_layer_0': 80, 'neurons_layer_1': 40, 'neurons_layer_2': 50, 'neurons_layer_3': 45, 'neurons_layer_4': 65, 'neurons_layer_5': 40, 'neurons_layer_6': 55, 'neurons_layer_7': 90, 'orders_layer_0': 2, 'orders_layer_1': 2, 'orders_layer_2': 3, 'orders_layer_3': 3, 'orders_layer_4': 6, 'orders_layer_5': 5, 'orders_layer_6': 5, 'orders_layer_7': 3}
              precision    recall  f1-score   support

           +       0.90      0.81      0.85        77
           -       0.83      0.91      0.87        77

   micro avg       0.86      0.86      0.86       154
   macro avg       0.87      0.86      0.86       154
weighted avg       0.87      0.86      0.86       154
 samples avg       0.86      0.86      0.86       154

ROC-AUC: 0.8604
Reduce number of features from 556 to 556.
best_params: {'depth': 3, 'neurons_layer_0': 5, 'neurons_layer_1': 80, 'neurons_layer_2': 10, 'orders_layer_0': 2, 'orders_layer_1': 2, 'orders_layer_2': 6}
              precision    recall  f1-score   support

        band       0.73      0.70      0.72        63
      noband       0.73      0.74      0.74        62

   micro avg       0.73      0.72      0.73       125
   macro avg       0.73      0.72      0.73       125
weighted avg       0.73      0.72      0.73       125
 samples avg       0.72      0.72      0.72       125

ROC-AUC: 0.7281
Reduce number of features from 61 to 61.
best_params: {'depth': 3, 'neurons_layer_0': 55, 'neurons_layer_1': 95, 'neurons_layer_2': 55, 'orders_layer_0': 3, 'orders_layer_1': 3, 'orders_layer_2': 3}
              precision    recall  f1-score   support

         bad       0.79      0.81      0.80       140
        good       0.81      0.74      0.77       140

   micro avg       0.80      0.78      0.79       280
   macro avg       0.80      0.78      0.79       280
weighted avg       0.80      0.78      0.79       280
 samples avg       0.78      0.78      0.78       280

ROC-AUC: 0.7893
Reduce number of features from 156 to 156.
best_params: {'depth': 7, 'neurons_layer_0': 80, 'neurons_layer_1': 90, 'neurons_layer_2': 40, 'neurons_layer_3': 20, 'neurons_layer_4': 75, 'neurons_layer_5': 55, 'neurons_layer_6': 35, 'orders_layer_0': 2, 'orders_layer_1': 3, 'orders_layer_2': 3, 'orders_layer_3': 5, 'orders_layer_4': 5, 'orders_layer_5': 6, 'orders_layer_6': 5}
              precision    recall  f1-score   support

          AD       0.64      0.59      0.61        58
          CN       0.62      0.67      0.64        58

   micro avg       0.63      0.63      0.63       116
   macro avg       0.63      0.63      0.63       116
weighted avg       0.63      0.63      0.63       116
 samples avg       0.63      0.63      0.63       116

ROC-AUC: 0.6293
Reduce number of features from 108 to 108.
